// Jest Snapshot v1, https://goo.gl/fbAQLP

exports[`MoviesSearch renders correctly MoviesSearch 1`] = `
<View
  style={
    Object {
      "alignItems": "center",
      "backgroundColor": "#374785",
      "flex": 1,
      "justifyContent": "flex-start",
      "opacity": 0.9,
      "paddingHorizontal": 10,
      "paddingTop": 50,
    }
  }
>
  <Text
    style={
      Object {
        "color": "white",
        "fontFamily": "Cochin",
        "fontSize": 35,
        "fontWeight": "bold",
        "marginBottom": 30,
        "textAlign": "center",
      }
    }
  >
    Movie search
  </Text>
  <TextInput
    allowFontScaling={true}
    onChangeText={[Function]}
    onSubmitEditing={[Function]}
    placeholder="Find movie..."
    rejectResponderTermination={true}
    style={
      Object {
        "backgroundColor": "white",
        "borderRadius": 5,
        "fontSize": 20,
        "fontWeight": "300",
        "marginBottom": 40,
        "padding": 20,
        "width": "90%",
      }
    }
    underlineColorAndroid="transparent"
    value=""
  />
  <RCTScrollView
    style={
      Object {
        "backgroundColor": "#24305E",
        "marginBottom": 20,
        "width": "100%",
      }
    }
  >
    <View />
  </RCTScrollView>
  <Modal
    animationType="fade"
    hardwareAccelerated={false}
    transparent={false}
    visible={false}
  >
    <View
      style={
        Object {
          "backgroundColor": "#F8E9A1",
          "flex": 1,
        }
      }
    >
      <Image
        source={
          Object {
            "uri": "https://image.tmdb.org/t/p/w500undefined",
          }
        }
        style={
          Object {
            "height": 250,
            "marginVertical": 40,
            "width": "100%",
          }
        }
      />
      <Text
        style={
          Object {
            "fontFamily": "Cochin",
            "fontSize": 20,
            "fontWeight": "200",
            "marginBottom": 10,
            "textAlign": "center",
          }
        }
      />
      <Text
        style={
          Object {
            "fontFamily": "Cochin",
            "fontSize": 20,
            "fontWeight": "200",
            "marginBottom": 10,
            "textAlign": "center",
          }
        }
      />
      <Text
        style={
          Object {
            "fontFamily": "Cochin",
            "fontSize": 20,
            "fontWeight": "200",
            "marginBottom": 10,
            "textAlign": "center",
          }
        }
      >
        Budget:$
      </Text>
      <Text
        style={
          Object {
            "fontFamily": "Cochin",
            "fontSize": 20,
            "fontWeight": "200",
            "marginBottom": 10,
            "textAlign": "center",
          }
        }
      >
        Releas date: 
      </Text>
      <View
        accessible={true}
        focusable={false}
        onClick={[Function]}
        onResponderGrant={[Function]}
        onResponderMove={[Function]}
        onResponderRelease={[Function]}
        onResponderTerminate={[Function]}
        onResponderTerminationRequest={[Function]}
        onStartShouldSetResponder={[Function]}
        style={
          Object {
            "backgroundColor": "#F76C6C",
            "borderRadius": 10,
            "height": 40,
            "marginHorizontal": 5,
            "marginTop": 20,
          }
        }
      >
        <View
          accessibilityRole="button"
          accessibilityState={Object {}}
          accessible={true}
          focusable={true}
          onClick={[Function]}
          onResponderGrant={[Function]}
          onResponderMove={[Function]}
          onResponderRelease={[Function]}
          onResponderTerminate={[Function]}
          onResponderTerminationRequest={[Function]}
          onStartShouldSetResponder={[Function]}
          style={
            Object {
              "opacity": 1,
            }
          }
        >
          <View
            style={
              Array [
                Object {},
              ]
            }
          >
            <Text
              style={
                Array [
                  Object {
                    "color": "#007AFF",
                    "fontSize": 18,
                    "margin": 8,
                    "textAlign": "center",
                  },
                  Object {
                    "color": "#374785",
                  },
                ]
              }
            >
              Back
            </Text>
          </View>
        </View>
      </View>
    </View>
  </Modal>
</View>
`;
